
R version 3.1.1 (2014-07-10) -- "Sock it to Me"
Copyright (C) 2014 The R Foundation for Statistical Computing
Platform: x86_64-apple-darwin13.1.0 (64-bit)

R is free software and comes with ABSOLUTELY NO WARRANTY.
You are welcome to redistribute it under certain conditions.
Type 'license()' or 'licence()' for distribution details.

  Natural language support but running in an English locale

R is a collaborative project with many contributors.
Type 'contributors()' for more information and
'citation()' on how to cite R or R packages in publications.

Type 'demo()' for some demos, 'help()' for on-line help, or
'help.start()' for an HTML browser interface to help.
Type 'q()' to quit R.

[R.app GUI 1.65 (6784) x86_64-apple-darwin13.1.0]

[History restored from /Users/lehathu/.Rapp.history]

2015-03-07 14:12:32.572 R[687:30272] *** WARNING: Method convertPointFromBase: in class NSView is deprecated on 10.7 and later. It should not be used in new applications. 
> ## Cross validation using the model: m_{jj} = mu
> rm(list=ls())
> library(truncnorm)
> x = read.csv("math.csv")
> x = data.frame(x)
> x=x[,-1]
> x=as.matrix(x)
> 
> # basic graph properties:
> dim(x)
[1] 1870   74
> table(rowSums(!is.na(x)))

  1   2   3   4   5   6   7   8   9  10  11 
594 605 233 195 146  57  29   7   2   1   1 
> table(colSums(!is.na(x)))

  1   3   5   8   9  10  13  14  15  16  17  18  19  20  23  24  27  28  31  32  34  35  36 
  2   2   3   2   1   2   1   2   1   4   2   1   4   1   2   2   1   1   2   2   1   1   1 
 37  38  44  45  46  48  49  50  55  59  60  61  65  66  75  82  84  91 102 103 107 143 164 
  1   1   2   1   2   1   2   1   1   1   1   1   1   1   1   1   1   1   1   1   1   1   1 
201 250 253 267 291 339 523 
  1   1   1   1   1   1   1 
> mean(rowSums(!is.na(x)))
[1] 2.488235
> mean(colSums(!is.na(x)))
[1] 62.87838
> 
> #Drop student with 1 entry
> B = (!is.na(x))
> badstu = which(rowSums(B) < 2)
> badtea = which(colSums(B) < 2)
> G = x[-badstu, ]
> G = G[,-badtea]
> B = B[-badstu,]
> B = B[,-badtea]
> dim(G)
[1] 1276   72
> 
> thresh = function(a, lam){
+ 	a = a - lam
+ 	a[a<0] = 0
+ 	return(a)
+ }
> lam = 590
> 
> ##Cross-validation sampling
> 
> obsSample = function(m,n){
+ 	obs = which(!is.na(m), F)
+ 	pos=sample(obs,n, replace=F)
+ 	return(pos)
+ }
> 
> temp = G
> error = c(1:405)
> n=10
> 
> for (l in 1:405){
+ 	x=c(1:1276)
+ 	y=c(1:72)
+ 	
+ 	pos=obsSample(temp, n)
+ 	validation = temp[pos]
+ 	temp[pos]=NA
+ 	
+ 	
+ 	W=G
+ 	W[pos]=NA
+ 
+ 	z=mean(W[!is.na(W)])
+ 	
+ 	prediction = W
+ 	prediction[is.na(prediction)]=z
+ 	
+ 	rmse = sqrt(sum((G[pos]-prediction[pos])^2)/n)/mean(G[pos])
+ 	error[l]=rmse
+ }
> write.csv(error, "rmse.csv")
> 
> length(temp[!is.na(temp)])
[1] 7
> error
  [1] 0.20095967 0.13389005 0.22803516 0.18136710 0.05096679 0.24327678 0.22813936 0.08806492
  [9] 0.11469933 0.24510405 0.13813199 0.11005094 0.13187971 0.28696801 0.15324899 0.11926114
 [17] 0.13190004 0.15249778 0.17843691 0.10107057 0.18930320 0.37912436 0.13705561 0.16239536
 [25] 0.11736792 0.20792815 0.11673413 0.10768698 0.13600758 0.26421803 0.25950160 0.16799949
 [33] 0.11345501 0.10653460 0.24761045 0.09418297 0.16760310 0.21224378 0.11916457 0.24037429
 [41] 0.14922675 0.19777050 0.20670623 0.14190661 0.19516934 0.12389562 0.15199974 0.19274249
 [49] 0.12684380 0.08884835 0.21091404 0.09248171 0.16974325 0.08328948 0.16817467 0.09977315
 [57] 0.16701919 0.09892105 0.20185853 0.19017523 0.07504377 0.25567167 0.17439494 0.13151419
 [65] 0.21316365 0.13095046 0.16301683 0.21180420 0.16785441 0.10596782 0.16082451 0.21851403
 [73] 0.13903429 0.13549379 0.12871001 0.18965570 0.18655038 0.21217608 0.23534085 0.10569313
 [81] 0.17240491 0.11713155 0.22158780 0.12475267 0.09168522 0.10517604 0.11697585 0.14439918
 [89] 0.16836183 0.17475181 0.13490991 0.10440383 0.15138087 0.14460161 0.14945732 0.16943657
 [97] 0.11163999 0.16434893 0.10147381 0.10869858 0.07986580 0.15414618 0.12808554 0.16529415
[105] 0.18763438 0.08595527 0.08722429 0.24936476 0.10854288 0.11337535 0.21093252 0.17575316
[113] 0.25623179 0.14330911 0.17849162 0.26263270 0.26066496 0.11586863 0.16721563 0.20909913
[121] 0.17609663 0.20187182 0.14362365 0.12807698 0.13647613 0.12143257 0.13152269 0.11845143
[129] 0.16753370 0.13936098 0.23634623 0.12667343 0.21268119 0.08781692 0.24661800 0.14606508
[137] 0.13987790 0.26034562 0.15960478 0.16637418 0.18850354 0.24108789 0.11227642 0.12625007
[145] 0.14918562 0.13109696 0.15862850 0.12800253 0.17586355 0.17974050 0.10580281 0.15453299
[153] 0.17373289 0.17856029 0.12333345 0.13709380 0.13495547 0.20579952 0.17084011 0.09168340
[161] 0.11923743 0.10412277 0.11780439 0.21905262 0.27908207 0.13503150 0.11772557 0.18435795
[169] 0.13526164 0.14817907 0.30934216 0.12627974 0.10486407 0.13776002 0.11887969 0.08213178
[177] 0.08779173 0.11772433 0.17277335 0.19032661 0.05506146 0.18912442 0.15935029 0.11144844
[185] 0.16513750 0.08531387 0.11187312 0.11204297 0.22636784 0.30215355 0.19420316 0.22726062
[193] 0.18455428 0.12553939 0.08797370 0.14429854 0.26251561 0.13124034 0.10862228 0.14125733
[201] 0.10758239 0.11085412 0.11276681 0.25931736 0.11247242 0.11923716 0.14415833 0.12273410
[209] 0.14270202 0.20781955 0.04118809 0.09866332 0.09294566 0.21241219 0.10379116 0.30342032
[217] 0.13428967 0.15977001 0.11118655 0.30135163 0.20348195 0.25232103 0.15260848 0.19712131
[225] 0.29024692 0.07354992 0.23638907 0.21592059 0.24444285 0.16275544 0.19390418 0.13859002
[233] 0.21826734 0.10020431 0.15264911 0.13079565 0.09629353 0.12952420 0.14384814 0.18829423
[241] 0.11985842 0.12529525 0.16385589 0.17782370 0.25294312 0.11933098 0.08992598 0.29005618
[249] 0.16065526 0.14466791 0.13650334 0.13352090 0.08351242 0.08441308 0.12890927 0.18055576
[257] 0.13818865 0.25441845 0.09591252 0.18119100 0.19419574 0.12850982 0.18121592 0.14112986
[265] 0.16760409 0.17039515 0.14549468 0.12438705 0.16931248 0.15127822 0.10793644 0.16909042
[273] 0.10561401 0.09802005 0.11844957 0.19165473 0.11820593 0.12386159 0.12686077 0.12362260
[281] 0.13921569 0.21048078 0.09439459 0.16068466 0.13428982 0.11069913 0.13781210 0.21959664
[289] 0.12912926 0.10220170 0.17104110 0.10876512 0.18870210 0.26596778 0.13629894 0.10423749
[297] 0.14611127 0.20875864 0.25197380 0.12212225 0.15179531 0.12726688 0.16757641 0.14313012
[305] 0.11897246 0.18288089 0.13898469 0.16200947 0.09718210 0.10199347 0.08572266 0.21641979
[313] 0.18630630 0.13504563 0.14576811 0.09484712 0.13426728 0.09883978 0.12472039 0.17168132
[321] 0.20193397 0.08685045 0.31148583 0.08482443 0.15052130 0.15147806 0.19419689 0.14254387
[329] 0.13388953 0.32059708 0.13461961 0.10952848 0.11885844 0.10948999 0.08932372 0.13126001
[337] 0.17595795 0.08587452 0.14068699 0.12841370 0.14983632 0.24732323 0.17917974 0.18649301
[345] 0.10325719 0.21177048 0.11732047 0.24435079 0.11268003 0.10506410 0.23018377 0.14030333
[353] 0.16046773 0.13199239 0.13351308 0.11785186 0.10428008 0.09448028 0.15395966 0.24632664
[361] 0.14030894 0.22852418 0.14671034 0.11998463 0.33212386 0.24735355 0.07749660 0.08254121
[369] 0.16345437 0.22327431 0.05920756 0.13972189 0.10188944 0.25868699 0.18952604 0.15466209
[377] 0.11533706 0.17743619 0.08132683 0.22869330 0.14379956 0.12457247 0.24390608 0.11085158
[385] 0.15420969 0.08237172 0.14738754 0.14192731 0.14187824 0.16526389 0.16606527 0.16869061
[393] 0.20979123 0.16891406 0.09685147 0.12499950 0.14336569 0.16082168 0.15304525 0.14793881
[401] 0.15480398 0.13526994 0.15204089 0.25186683 0.22862549
> mean(error)
[1] 0.1566767
> 