
R version 3.1.1 (2014-07-10) -- "Sock it to Me"
Copyright (C) 2014 The R Foundation for Statistical Computing
Platform: x86_64-apple-darwin13.1.0 (64-bit)

R is free software and comes with ABSOLUTELY NO WARRANTY.
You are welcome to redistribute it under certain conditions.
Type 'license()' or 'licence()' for distribution details.

  Natural language support but running in an English locale

R is a collaborative project with many contributors.
Type 'contributors()' for more information and
'citation()' on how to cite R or R packages in publications.

Type 'demo()' for some demos, 'help()' for on-line help, or
'help.start()' for an HTML browser interface to help.
Type 'q()' to quit R.

[R.app GUI 1.65 (6784) x86_64-apple-darwin13.1.0]

[History restored from /Users/lehathu/.Rapp.history]

> experience = read.csv("~/Desktop/Paper_Summary/Structure_Simulation/Teacher_Simulation/csv_result/teacher_experience_Rsquare.csv")
> experience[0,]
[1] X x
<0 rows> (or 0-length row.names)
> experience = experience[,-1]
> experience
  [1] 0.1268506 0.2008828 0.1441120 0.1423766 0.1470466 0.1248214 0.1397045 0.1727397 0.1328396
 [10] 0.1522558 0.1188831 0.1462454 0.1200530 0.1280550 0.1208695 0.1312842 0.1311150 0.1023148
 [19] 0.1271642 0.1200648 0.1988688 0.2183622 0.1811700 0.1158017 0.1417988 0.1196338 0.2084874
 [28] 0.1574736 0.1483823 0.1438333 0.1206819 0.1194798 0.1230352 0.1289058 0.1704494 0.1400105
 [37] 0.1465052 0.1084563 0.1766942 0.1401918 0.1124301 0.1373949 0.1203847 0.1349506 0.2122651
 [46] 0.1300231 0.1658384 0.1343372 0.1572759 0.1466100 0.1171976 0.1316300 0.1418872 0.1308981
 [55] 0.1201258 0.1976422 0.1263480 0.1255458 0.1501030 0.1232809 0.1215336 0.1268679 0.1348250
 [64] 0.1384672 0.1251373 0.1505529 0.1207806 0.1723419 0.1285327 0.1113586 0.1490194 0.1361294
 [73] 0.2062992 0.1187725 0.1131367 0.1348357 0.1056912 0.1519719 0.1530750 0.1334442 0.1351614
 [82] 0.1463936 0.1271737 0.1587639 0.1621405 0.1217703 0.1645647 0.1174370 0.1259470 0.1393909
 [91] 0.1499471 0.1636905 0.1267022 0.1273559 0.1529628 0.1325210 0.1258835 0.1344200 0.1171496
[100] 0.1426377
> sum(experience[experience>0.1604])
[1] 2.972437
> experience[experience>0.1604]
 [1] 0.2008828 0.1727397 0.1988688 0.2183622 0.1811700 0.2084874 0.1704494 0.1766942 0.2122651
[10] 0.1658384 0.1976422 0.1723419 0.2062992 0.1621405 0.1645647 0.1636905
> sum([experience>0.1604])
Error: unexpected '[' in "sum(["
> experience1 = read.csv("~/Desktop/Paper_Summary/Structure_Simulation/Teacher_Simulation/csv_result/teacher_experience_Rsquare1.csv")
> experience1 = experience1[,-1]
> experience1[experience1>0.1831]
[1] 0.2034342
> university = read.csv("~/Desktop/Paper_Summary/Structure_Simulation/Teacher_Simulation/csv_result/teacher_university_Rsquare.csv")
> university = university[,-1]
> dim(university)
NULL
> length(university)
[1] 100
> university[university>(1-51.367/54.255)]
 [1] 0.13307806 0.07704874 0.07295151 0.06954740 0.06310892 0.14976695 0.08324865 0.17021500
 [9] 0.09660094 0.06994434 0.08435752 0.06489141 0.06844922 0.08238374 0.11262449 0.11769996
[17] 0.13807053 0.06389646 0.09222448 0.12925631 0.13173403 0.05765381 0.06445400 0.18575593
[25] 0.06583300 0.10450234 0.13444862 0.09696647 0.07466229 0.11651956 0.05696233 0.18195487
[33] 0.06090282 0.05467696 0.07597602 0.12685256 0.10149491 0.06240447 0.05994901 0.07870870
[41] 0.08214507 0.06735024 0.05902967 0.08118465 0.10812888 0.10739479 0.09093062 0.07131195
[49] 0.06619756 0.18809709 0.10369953 0.09814084 0.09663040 0.10515727 0.06807242 0.06815871
[57] 0.12398047 0.07964344 0.07607699 0.15496759 0.13048719 0.06674626 0.06051957 0.13924792
[65] 0.07065746 0.06975681 0.06878328 0.12606929 0.11938270 0.08070774 0.15238471 0.08332046
[73] 0.11283123 0.09527152 0.09433392 0.07804481 0.07056199 0.15496202 0.07353548 0.13877271
[81] 0.08070237 0.06692844 0.14209080 0.10157499 0.07655160 0.07253940 0.08261169 0.09633775
[89] 0.08860965 0.07300276
> university1 = read.csv("~/Desktop/Paper_Summary/Structure_Simulation/Teacher_Simulation/csv_result/teacher_university_Rsquare1.csv")
> university1 = university1[,-1]
> university1[university1>(1-51.858/54.255)]
 [1] 0.11253039 0.06684726 0.09583909 0.06595139 0.11350560 0.07581221 0.11850569 0.07287906
 [9] 0.05738236 0.07506095 0.06461858 0.06940930 0.06538493 0.09443617 0.08203399 0.12484375
[17] 0.05338167 0.08004798 0.11915274 0.17283152 0.04750340 0.06387773 0.12945220 0.05340508
[25] 0.08626999 0.18798019 0.08351292 0.06526469 0.07423762 0.18731508 0.05334613 0.07299057
[33] 0.06504151 0.04880086 0.06071295 0.06318221 0.06612670 0.05996008 0.05197285 0.07011127
[41] 0.04649022 0.08573042 0.09456956 0.07727553 0.06821123 0.05497081 0.12537506 0.10359729
[49] 0.09329670 0.10097424 0.06755833 0.11784314 0.08339044 0.07917212 0.07264002 0.06202017
[57] 0.15124235 0.10929918 0.04808152 0.06081656 0.10615236 0.05030091 0.05985744 0.07481497
[65] 0.09445986 0.08898679 0.04807695 0.06276419 0.13498821 0.05979339 0.09020493 0.06614010
[73] 0.09758590 0.04814036 0.05290543 0.08066947 0.05597079 0.06770835 0.12480317 0.08860458
[81] 0.10827131 0.06399548 0.05490773 0.06799954 0.10588050 0.06799797 0.05988213 0.07028357
[89] 0.08080253 0.05706190 0.07520747
> 
> race = read.csv("~/Desktop/Paper_Summary/Structure_Simulation/Teacher_Simulation/csv_result/teacher_race_Rsquare.csv")
> race=race[,-1]
> race[race>(1-57.958/61.560)]
 [1] 0.08843003 0.07239033 0.10377204 0.07406368 0.13725082 0.07630566 0.12343052 0.11619377
 [9] 0.23301443 0.10893629 0.12489510 0.14489088 0.17329990 0.16256699 0.06558759 0.13319300
[17] 0.08974548 0.10876033 0.10744706 0.10660028 0.10748359 0.07414620 0.09837479 0.17704536
[25] 0.06410783 0.18196736 0.08173119 0.10410845 0.08380043 0.11184748 0.19478710 0.18608095
[33] 0.06112219 0.15496573 0.11762108 0.09451448 0.15109054 0.11911661 0.12073250 0.15161564
[41] 0.14174837 0.06201660 0.16802449 0.15674043 0.12897606 0.10465040 0.17196971 0.17279142
[49] 0.15746212 0.08889283 0.09070572 0.13881079 0.13578054 0.09450930 0.16387771 0.11363508
[57] 0.12165707 0.11666757 0.14976953 0.20674508 0.09593856 0.12069033 0.12601235 0.17863078
[65] 0.11379967 0.10563141 0.11185831 0.10588655
> race1 = read.csv("~/Desktop/Paper_Summary/Structure_Simulation/Teacher_Simulation/csv_result/teacher_race_Rsquare1.csv")
> race1=race1[,-1]
> 
> race1[race1>(1-58.88261.560)]/
Error: unexpected numeric constant in "race1[race1>(1-58.88261.560"
> race1[race1>(1-58.882/61.560)]/
+ 
> race1[race1>(1-58.882/61.560)]
 [1] 0.07452889 0.06589065 0.10678818 0.07842401 0.07555615 0.07356733 0.14055962 0.23096684
 [9] 0.09286088 0.11469574 0.15488022 0.15994280 0.05122734 0.15806270 0.06465650 0.15574315
[17] 0.04816567 0.07215548 0.06160398 0.13096846 0.09293217 0.10475562 0.08453288 0.06326233
[25] 0.09919020 0.17533399 0.09708377 0.08095738 0.09483245 0.05112244 0.09435833 0.19687066
[33] 0.11783248 0.05997109 0.10218019 0.09013098 0.09330506 0.14446938 0.12449420 0.08337907
[41] 0.14768999 0.07755463 0.15068893 0.15811868 0.08384828 0.09159627 0.05755887 0.15768771
[49] 0.18158570 0.18128667 0.07621467 0.08389296 0.12309912 0.07997561 0.18960021 0.04940369
[57] 0.09776910 0.07983806 0.12364660 0.08511667 0.13991127 0.19639562 0.20297418 0.04401989
[65] 0.11426168 0.13931641 0.05253179 0.09692989 0.10239089
> 